------------------------------------------------------------
TimeQuest Timing Analyzer Summary
------------------------------------------------------------

Type  : Slow 1200mV 85C Model Setup 'p1|altpll_component|pll|clk[2]'
Slack : -38.234
TNS   : -499.922

Type  : Slow 1200mV 85C Model Setup 'clkCounter:myclkCounter|clock_b'
Slack : -13.485
TNS   : -1668.327

Type  : Slow 1200mV 85C Model Setup 'CLOCK_50'
Slack : -1.419
TNS   : -1.419

Type  : Slow 1200mV 85C Model Hold 'clkCounter:myclkCounter|clock_b'
Slack : 0.387
TNS   : 0.000

Type  : Slow 1200mV 85C Model Hold 'CLOCK_50'
Slack : 0.403
TNS   : 0.000

Type  : Slow 1200mV 85C Model Hold 'p1|altpll_component|pll|clk[2]'
Slack : 0.626
TNS   : 0.000

Type  : Slow 1200mV 85C Model Recovery 'p1|altpll_component|pll|clk[2]'
Slack : 13.515
TNS   : 0.000

Type  : Slow 1200mV 85C Model Removal 'p1|altpll_component|pll|clk[2]'
Slack : 4.637
TNS   : 0.000

Type  : Slow 1200mV 85C Model Minimum Pulse Width 'clkCounter:myclkCounter|clock_b'
Slack : -1.285
TNS   : -330.245

Type  : Slow 1200mV 85C Model Minimum Pulse Width 'CLOCK_50'
Slack : 9.752
TNS   : 0.000

Type  : Slow 1200mV 85C Model Minimum Pulse Width 'p1|altpll_component|pll|clk[2]'
Slack : 19.709
TNS   : 0.000

Type  : Slow 1200mV 0C Model Setup 'p1|altpll_component|pll|clk[2]'
Slack : -32.490
TNS   : -423.477

Type  : Slow 1200mV 0C Model Setup 'clkCounter:myclkCounter|clock_b'
Slack : -12.381
TNS   : -1520.111

Type  : Slow 1200mV 0C Model Setup 'CLOCK_50'
Slack : -1.267
TNS   : -1.267

Type  : Slow 1200mV 0C Model Hold 'clkCounter:myclkCounter|clock_b'
Slack : 0.340
TNS   : 0.000

Type  : Slow 1200mV 0C Model Hold 'CLOCK_50'
Slack : 0.354
TNS   : 0.000

Type  : Slow 1200mV 0C Model Hold 'p1|altpll_component|pll|clk[2]'
Slack : 0.572
TNS   : 0.000

Type  : Slow 1200mV 0C Model Recovery 'p1|altpll_component|pll|clk[2]'
Slack : 14.169
TNS   : 0.000

Type  : Slow 1200mV 0C Model Removal 'p1|altpll_component|pll|clk[2]'
Slack : 4.075
TNS   : 0.000

Type  : Slow 1200mV 0C Model Minimum Pulse Width 'clkCounter:myclkCounter|clock_b'
Slack : -1.285
TNS   : -330.245

Type  : Slow 1200mV 0C Model Minimum Pulse Width 'CLOCK_50'
Slack : 9.773
TNS   : 0.000

Type  : Slow 1200mV 0C Model Minimum Pulse Width 'p1|altpll_component|pll|clk[2]'
Slack : 19.710
TNS   : 0.000

Type  : Fast 1200mV 0C Model Setup 'p1|altpll_component|pll|clk[2]'
Slack : -7.740
TNS   : -105.706

Type  : Fast 1200mV 0C Model Setup 'clkCounter:myclkCounter|clock_b'
Slack : -6.532
TNS   : -780.519

Type  : Fast 1200mV 0C Model Setup 'CLOCK_50'
Slack : -0.536
TNS   : -0.536

Type  : Fast 1200mV 0C Model Hold 'clkCounter:myclkCounter|clock_b'
Slack : 0.172
TNS   : 0.000

Type  : Fast 1200mV 0C Model Hold 'CLOCK_50'
Slack : 0.182
TNS   : 0.000

Type  : Fast 1200mV 0C Model Hold 'p1|altpll_component|pll|clk[2]'
Slack : 0.268
TNS   : 0.000

Type  : Fast 1200mV 0C Model Recovery 'p1|altpll_component|pll|clk[2]'
Slack : 16.476
TNS   : 0.000

Type  : Fast 1200mV 0C Model Removal 'p1|altpll_component|pll|clk[2]'
Slack : 2.334
TNS   : 0.000

Type  : Fast 1200mV 0C Model Minimum Pulse Width 'clkCounter:myclkCounter|clock_b'
Slack : -1.000
TNS   : -257.000

Type  : Fast 1200mV 0C Model Minimum Pulse Width 'CLOCK_50'
Slack : 9.436
TNS   : 0.000

Type  : Fast 1200mV 0C Model Minimum Pulse Width 'p1|altpll_component|pll|clk[2]'
Slack : 19.751
TNS   : 0.000

------------------------------------------------------------
