Analysis & Elaboration report for tetrisField
Mon Dec 09 20:59:49 2019
Quartus Prime Version 16.0.0 Build 211 04/27/2016 SJ Lite Edition


---------------------
; Table of Contents ;
---------------------
  1. Legal Notice
  2. Analysis & Elaboration Summary
  3. Parallel Compilation
  4. Analysis & Elaboration Settings
  5. Port Connectivity Checks: "rotatePredict:my_rotate"
  6. Port Connectivity Checks: "downPredict:my_down"
  7. Port Connectivity Checks: "rightPredict:my_right"
  8. Port Connectivity Checks: "leftPredict:my_left"
  9. Analysis & Elaboration Messages



----------------
; Legal Notice ;
----------------
Copyright (C) 1991-2016 Altera Corporation. All rights reserved.
Your use of Altera Corporation's design tools, logic functions 
and other software and tools, and its AMPP partner logic 
functions, and any output files from any of the foregoing 
(including device programming or simulation files), and any 
associated documentation or information are expressly subject 
to the terms and conditions of the Altera Program License 
Subscription Agreement, the Altera Quartus Prime License Agreement,
the Altera MegaCore Function License Agreement, or other 
applicable license agreement, including, without limitation, 
that your use is for the sole purpose of programming logic 
devices manufactured by Altera and sold by Altera or its 
authorized distributors.  Please refer to the applicable 
agreement for further details.



+----------------------------------------------------------------------------------+
; Analysis & Elaboration Summary                                                   ;
+------------------------------------+---------------------------------------------+
; Analysis & Elaboration Status      ; Successful - Mon Dec 09 20:59:49 2019       ;
; Quartus Prime Version              ; 16.0.0 Build 211 04/27/2016 SJ Lite Edition ;
; Revision Name                      ; tetrisField                                 ;
; Top-level Entity Name              ; field                                       ;
; Family                             ; Cyclone IV E                                ;
; Total logic elements               ; N/A until Partition Merge                   ;
;     Total combinational functions  ; N/A until Partition Merge                   ;
;     Dedicated logic registers      ; N/A until Partition Merge                   ;
; Total registers                    ; N/A until Partition Merge                   ;
; Total pins                         ; N/A until Partition Merge                   ;
; Total virtual pins                 ; N/A until Partition Merge                   ;
; Total memory bits                  ; N/A until Partition Merge                   ;
; Embedded Multiplier 9-bit elements ; N/A until Partition Merge                   ;
; Total PLLs                         ; N/A until Partition Merge                   ;
+------------------------------------+---------------------------------------------+


+------------------------------------------+
; Parallel Compilation                     ;
+----------------------------+-------------+
; Processors                 ; Number      ;
+----------------------------+-------------+
; Number detected on machine ; 8           ;
; Maximum allowed            ; 4           ;
;                            ;             ;
; Average used               ; 1.00        ;
; Maximum used               ; 1           ;
;                            ;             ;
; Usage by Processor         ; % Time Used ;
;     Processor 1            ; 100.0%      ;
+----------------------------+-------------+


+----------------------------------------------------------------------------------------------------------------------+
; Analysis & Elaboration Settings                                                                                      ;
+----------------------------------------------------------------------------+--------------------+--------------------+
; Option                                                                     ; Setting            ; Default Value      ;
+----------------------------------------------------------------------------+--------------------+--------------------+
; Device                                                                     ; EP4CE115F29C7      ;                    ;
; Top-level entity name                                                      ; field              ; tetrisField        ;
; Family name                                                                ; Cyclone IV E       ; Cyclone V          ;
; Use smart compilation                                                      ; Off                ; Off                ;
; Enable parallel Assembler and TimeQuest Timing Analyzer during compilation ; On                 ; On                 ;
; Enable compact report table                                                ; Off                ; Off                ;
; Restructure Multiplexers                                                   ; Auto               ; Auto               ;
; Create Debugging Nodes for IP Cores                                        ; Off                ; Off                ;
; Preserve fewer node names                                                  ; On                 ; On                 ;
; Disable OpenCore Plus hardware evaluation                                  ; Off                ; Off                ;
; Verilog Version                                                            ; Verilog_2001       ; Verilog_2001       ;
; VHDL Version                                                               ; VHDL_1993          ; VHDL_1993          ;
; State Machine Processing                                                   ; Auto               ; Auto               ;
; Safe State Machine                                                         ; Off                ; Off                ;
; Extract Verilog State Machines                                             ; On                 ; On                 ;
; Extract VHDL State Machines                                                ; On                 ; On                 ;
; Ignore Verilog initial constructs                                          ; Off                ; Off                ;
; Iteration limit for constant Verilog loops                                 ; 5000               ; 5000               ;
; Iteration limit for non-constant Verilog loops                             ; 250                ; 250                ;
; Add Pass-Through Logic to Inferred RAMs                                    ; On                 ; On                 ;
; Infer RAMs from Raw Logic                                                  ; On                 ; On                 ;
; Parallel Synthesis                                                         ; On                 ; On                 ;
; DSP Block Balancing                                                        ; Auto               ; Auto               ;
; NOT Gate Push-Back                                                         ; On                 ; On                 ;
; Power-Up Don't Care                                                        ; On                 ; On                 ;
; Remove Redundant Logic Cells                                               ; Off                ; Off                ;
; Remove Duplicate Registers                                                 ; On                 ; On                 ;
; Ignore CARRY Buffers                                                       ; Off                ; Off                ;
; Ignore CASCADE Buffers                                                     ; Off                ; Off                ;
; Ignore GLOBAL Buffers                                                      ; Off                ; Off                ;
; Ignore ROW GLOBAL Buffers                                                  ; Off                ; Off                ;
; Ignore LCELL Buffers                                                       ; Off                ; Off                ;
; Ignore SOFT Buffers                                                        ; On                 ; On                 ;
; Limit AHDL Integers to 32 Bits                                             ; Off                ; Off                ;
; Optimization Technique                                                     ; Balanced           ; Balanced           ;
; Carry Chain Length                                                         ; 70                 ; 70                 ;
; Auto Carry Chains                                                          ; On                 ; On                 ;
; Auto Open-Drain Pins                                                       ; On                 ; On                 ;
; Perform WYSIWYG Primitive Resynthesis                                      ; Off                ; Off                ;
; Auto ROM Replacement                                                       ; On                 ; On                 ;
; Auto RAM Replacement                                                       ; On                 ; On                 ;
; Auto DSP Block Replacement                                                 ; On                 ; On                 ;
; Auto Shift Register Replacement                                            ; Auto               ; Auto               ;
; Allow Shift Register Merging across Hierarchies                            ; Auto               ; Auto               ;
; Auto Clock Enable Replacement                                              ; On                 ; On                 ;
; Strict RAM Replacement                                                     ; Off                ; Off                ;
; Allow Synchronous Control Signals                                          ; On                 ; On                 ;
; Force Use of Synchronous Clear Signals                                     ; Off                ; Off                ;
; Auto RAM Block Balancing                                                   ; On                 ; On                 ;
; Auto RAM to Logic Cell Conversion                                          ; Off                ; Off                ;
; Auto Resource Sharing                                                      ; Off                ; Off                ;
; Allow Any RAM Size For Recognition                                         ; Off                ; Off                ;
; Allow Any ROM Size For Recognition                                         ; Off                ; Off                ;
; Allow Any Shift Register Size For Recognition                              ; Off                ; Off                ;
; Use LogicLock Constraints during Resource Balancing                        ; On                 ; On                 ;
; Ignore translate_off and synthesis_off directives                          ; Off                ; Off                ;
; Timing-Driven Synthesis                                                    ; On                 ; On                 ;
; Report Parameter Settings                                                  ; On                 ; On                 ;
; Report Source Assignments                                                  ; On                 ; On                 ;
; Report Connectivity Checks                                                 ; On                 ; On                 ;
; Ignore Maximum Fan-Out Assignments                                         ; Off                ; Off                ;
; Synchronization Register Chain Length                                      ; 2                  ; 2                  ;
; PowerPlay Power Optimization During Synthesis                              ; Normal compilation ; Normal compilation ;
; HDL message level                                                          ; Level2             ; Level2             ;
; Suppress Register Optimization Related Messages                            ; Off                ; Off                ;
; Number of Removed Registers Reported in Synthesis Report                   ; 5000               ; 5000               ;
; Number of Swept Nodes Reported in Synthesis Report                         ; 5000               ; 5000               ;
; Number of Inverted Registers Reported in Synthesis Report                  ; 100                ; 100                ;
; Clock MUX Protection                                                       ; On                 ; On                 ;
; Auto Gated Clock Conversion                                                ; Off                ; Off                ;
; Block Design Naming                                                        ; Auto               ; Auto               ;
; SDC constraint protection                                                  ; Off                ; Off                ;
; Synthesis Effort                                                           ; Auto               ; Auto               ;
; Shift Register Replacement - Allow Asynchronous Clear Signal               ; On                 ; On                 ;
; Pre-Mapping Resynthesis Optimization                                       ; Off                ; Off                ;
; Analysis & Synthesis Message Level                                         ; Medium             ; Medium             ;
; Disable Register Merging Across Hierarchies                                ; Auto               ; Auto               ;
; Resource Aware Inference For Block RAM                                     ; On                 ; On                 ;
; Synthesis Seed                                                             ; 1                  ; 1                  ;
+----------------------------------------------------------------------------+--------------------+--------------------+


+-----------------------------------------------------------------------------------------------------------------------+
; Port Connectivity Checks: "rotatePredict:my_rotate"                                                                   ;
+-------------+--------+----------+-------------------------------------------------------------------------------------+
; Port        ; Type   ; Severity ; Details                                                                             ;
+-------------+--------+----------+-------------------------------------------------------------------------------------+
; opOK        ; Output ; Info     ; Connected to dangling logic. Logic that only feeds a dangling port will be removed. ;
; score       ; Output ; Info     ; Connected to dangling logic. Logic that only feeds a dangling port will be removed. ;
; bottomTouch ; Output ; Info     ; Connected to dangling logic. Logic that only feeds a dangling port will be removed. ;
; newField    ; Output ; Info     ; Connected to dangling logic. Logic that only feeds a dangling port will be removed. ;
+-------------+--------+----------+-------------------------------------------------------------------------------------+


+-----------------------------------------------------------------------------------------------------------------------+
; Port Connectivity Checks: "downPredict:my_down"                                                                       ;
+-------------+--------+----------+-------------------------------------------------------------------------------------+
; Port        ; Type   ; Severity ; Details                                                                             ;
+-------------+--------+----------+-------------------------------------------------------------------------------------+
; score       ; Output ; Info     ; Connected to dangling logic. Logic that only feeds a dangling port will be removed. ;
; bottomTouch ; Output ; Info     ; Connected to dangling logic. Logic that only feeds a dangling port will be removed. ;
; newField    ; Output ; Info     ; Connected to dangling logic. Logic that only feeds a dangling port will be removed. ;
+-------------+--------+----------+-------------------------------------------------------------------------------------+


+-----------------------------------------------------------------------------------------------------------------------+
; Port Connectivity Checks: "rightPredict:my_right"                                                                     ;
+-------------+--------+----------+-------------------------------------------------------------------------------------+
; Port        ; Type   ; Severity ; Details                                                                             ;
+-------------+--------+----------+-------------------------------------------------------------------------------------+
; opOK        ; Output ; Info     ; Connected to dangling logic. Logic that only feeds a dangling port will be removed. ;
; bottomTouch ; Output ; Info     ; Connected to dangling logic. Logic that only feeds a dangling port will be removed. ;
; newField    ; Output ; Info     ; Connected to dangling logic. Logic that only feeds a dangling port will be removed. ;
+-------------+--------+----------+-------------------------------------------------------------------------------------+


+-----------------------------------------------------------------------------------------------------------------------+
; Port Connectivity Checks: "leftPredict:my_left"                                                                       ;
+-------------+--------+----------+-------------------------------------------------------------------------------------+
; Port        ; Type   ; Severity ; Details                                                                             ;
+-------------+--------+----------+-------------------------------------------------------------------------------------+
; opOK        ; Output ; Info     ; Connected to dangling logic. Logic that only feeds a dangling port will be removed. ;
; bottomTouch ; Output ; Info     ; Connected to dangling logic. Logic that only feeds a dangling port will be removed. ;
; newField    ; Output ; Info     ; Connected to dangling logic. Logic that only feeds a dangling port will be removed. ;
+-------------+--------+----------+-------------------------------------------------------------------------------------+


+---------------------------------+
; Analysis & Elaboration Messages ;
+---------------------------------+
Info: *******************************************************************
Info: Running Quartus Prime Analysis & Elaboration
    Info: Version 16.0.0 Build 211 04/27/2016 SJ Lite Edition
    Info: Processing started: Mon Dec 09 20:59:37 2019
Info: Command: quartus_map --read_settings_files=on --write_settings_files=off tetrisField -c tetrisField --analysis_and_elaboration
Warning (18236): Number of processors has not been specified which may cause overloading on shared machines.  Set the global assignment NUM_PARALLEL_PROCESSORS in your QSF to an appropriate value for best performance.
Info (20030): Parallel compilation is enabled and will use 4 of the 4 processors detected
Info (12021): Found 1 design units, including 1 entities, in source file field.v
    Info (12023): Found entity 1: field File: H:/Altera_lite/Github/550tetris/TetrisField_JY/field.v Line: 1
Info (12021): Found 1 design units, including 1 entities, in source file leftpredict.v
    Info (12023): Found entity 1: leftPredict File: H:/Altera_lite/Github/550tetris/TetrisField_JY/leftPredict.v Line: 1
Info (12021): Found 1 design units, including 1 entities, in source file bottomtouchcheck.v
    Info (12023): Found entity 1: bottomTouchCheck File: H:/Altera_lite/Github/550tetris/TetrisField_JY/bottomTouchCheck.v Line: 1
Info (12021): Found 1 design units, including 1 entities, in source file conflictcheck.v
    Info (12023): Found entity 1: conflictCheck File: H:/Altera_lite/Github/550tetris/TetrisField_JY/conflictCheck.v Line: 1
Info (12021): Found 1 design units, including 1 entities, in source file rightpredict.v
    Info (12023): Found entity 1: rightPredict File: H:/Altera_lite/Github/550tetris/TetrisField_JY/rightPredict.v Line: 1
Info (12021): Found 1 design units, including 1 entities, in source file downpredict.v
    Info (12023): Found entity 1: downPredict File: H:/Altera_lite/Github/550tetris/TetrisField_JY/downPredict.v Line: 1
Info (12021): Found 1 design units, including 1 entities, in source file clearlines.v
    Info (12023): Found entity 1: clearLines File: H:/Altera_lite/Github/550tetris/TetrisField_JY/clearLines.v Line: 1
Info (12021): Found 1 design units, including 1 entities, in source file rotatepredict.v
    Info (12023): Found entity 1: rotatePredict File: H:/Altera_lite/Github/550tetris/TetrisField_JY/rotatePredict.v Line: 1
Info (12021): Found 1 design units, including 1 entities, in source file blockbottom.v
    Info (12023): Found entity 1: blockBottom File: H:/Altera_lite/Github/550tetris/TetrisField_JY/blockBottom.v Line: 1
Info (12021): Found 1 design units, including 1 entities, in source file rotateanticlock.v
    Info (12023): Found entity 1: rotateAntiClock File: H:/Altera_lite/Github/550tetris/TetrisField_JY/rotateAntiClock.v Line: 1
Info (12021): Found 1 design units, including 1 entities, in source file rotateclockwise.v
    Info (12023): Found entity 1: rotateClockWise File: H:/Altera_lite/Github/550tetris/TetrisField_JY/rotateClockWise.v Line: 1
Info (12127): Elaborating entity "field" for the top level hierarchy
Warning (10034): Output port "nextBlockTrue" at field.v(7) has no driver File: H:/Altera_lite/Github/550tetris/TetrisField_JY/field.v Line: 7
Warning (10034): Output port "gameOver" at field.v(7) has no driver File: H:/Altera_lite/Github/550tetris/TetrisField_JY/field.v Line: 7
Warning (10034): Output port "score" at field.v(7) has no driver File: H:/Altera_lite/Github/550tetris/TetrisField_JY/field.v Line: 7
Info (12128): Elaborating entity "leftPredict" for hierarchy "leftPredict:my_left" File: H:/Altera_lite/Github/550tetris/TetrisField_JY/field.v Line: 53
Warning (10230): Verilog HDL assignment warning at leftPredict.v(11): truncated value with size 16 to match size of target (5) File: H:/Altera_lite/Github/550tetris/TetrisField_JY/leftPredict.v Line: 11
Info (12128): Elaborating entity "conflictCheck" for hierarchy "leftPredict:my_left|conflictCheck:left_cC" File: H:/Altera_lite/Github/550tetris/TetrisField_JY/leftPredict.v Line: 22
Info (12128): Elaborating entity "rotateAntiClock" for hierarchy "leftPredict:my_left|rotateAntiClock:my_rAC" File: H:/Altera_lite/Github/550tetris/TetrisField_JY/leftPredict.v Line: 23
Info (12128): Elaborating entity "blockBottom" for hierarchy "leftPredict:my_left|blockBottom:left_bB" File: H:/Altera_lite/Github/550tetris/TetrisField_JY/leftPredict.v Line: 24
Warning (10036): Verilog HDL or VHDL warning at blockBottom.v(8): object "zeroStopFlag" assigned a value but never read File: H:/Altera_lite/Github/550tetris/TetrisField_JY/blockBottom.v Line: 8
Warning (10230): Verilog HDL assignment warning at blockBottom.v(26): truncated value with size 32 to match size of target (2) File: H:/Altera_lite/Github/550tetris/TetrisField_JY/blockBottom.v Line: 26
Info (12128): Elaborating entity "bottomTouchCheck" for hierarchy "leftPredict:my_left|bottomTouchCheck:left_bTC" File: H:/Altera_lite/Github/550tetris/TetrisField_JY/leftPredict.v Line: 28
Info (12128): Elaborating entity "rightPredict" for hierarchy "rightPredict:my_right" File: H:/Altera_lite/Github/550tetris/TetrisField_JY/field.v Line: 56
Warning (10230): Verilog HDL assignment warning at rightPredict.v(11): truncated value with size 16 to match size of target (5) File: H:/Altera_lite/Github/550tetris/TetrisField_JY/rightPredict.v Line: 11
Info (12128): Elaborating entity "rotateClockWise" for hierarchy "rightPredict:my_right|rotateClockWise:my_rCW" File: H:/Altera_lite/Github/550tetris/TetrisField_JY/rightPredict.v Line: 23
Info (12128): Elaborating entity "downPredict" for hierarchy "downPredict:my_down" File: H:/Altera_lite/Github/550tetris/TetrisField_JY/field.v Line: 59
Warning (10230): Verilog HDL assignment warning at downPredict.v(12): truncated value with size 16 to match size of target (5) File: H:/Altera_lite/Github/550tetris/TetrisField_JY/downPredict.v Line: 12
Info (12128): Elaborating entity "clearLines" for hierarchy "downPredict:my_down|clearLines:down_cl" File: H:/Altera_lite/Github/550tetris/TetrisField_JY/downPredict.v Line: 30
Info (12128): Elaborating entity "rotatePredict" for hierarchy "rotatePredict:my_rotate" File: H:/Altera_lite/Github/550tetris/TetrisField_JY/field.v Line: 62
Warning (12011): Net is missing source, defaulting to GND
    Warning (12110): Net "field[0]" is missing source, defaulting to GND File: H:/Altera_lite/Github/550tetris/TetrisField_JY/field.v Line: 12
    Warning (12110): Net "field[1]" is missing source, defaulting to GND File: H:/Altera_lite/Github/550tetris/TetrisField_JY/field.v Line: 12
    Warning (12110): Net "field[2]" is missing source, defaulting to GND File: H:/Altera_lite/Github/550tetris/TetrisField_JY/field.v Line: 12
    Warning (12110): Net "field[3]" is missing source, defaulting to GND File: H:/Altera_lite/Github/550tetris/TetrisField_JY/field.v Line: 12
    Warning (12110): Net "field[4]" is missing source, defaulting to GND File: H:/Altera_lite/Github/550tetris/TetrisField_JY/field.v Line: 12
    Warning (12110): Net "field[5]" is missing source, defaulting to GND File: H:/Altera_lite/Github/550tetris/TetrisField_JY/field.v Line: 12
    Warning (12110): Net "field[6]" is missing source, defaulting to GND File: H:/Altera_lite/Github/550tetris/TetrisField_JY/field.v Line: 12
    Warning (12110): Net "field[7]" is missing source, defaulting to GND File: H:/Altera_lite/Github/550tetris/TetrisField_JY/field.v Line: 12
    Warning (12110): Net "field[8]" is missing source, defaulting to GND File: H:/Altera_lite/Github/550tetris/TetrisField_JY/field.v Line: 12
    Warning (12110): Net "field[9]" is missing source, defaulting to GND File: H:/Altera_lite/Github/550tetris/TetrisField_JY/field.v Line: 12
    Warning (12110): Net "field[10]" is missing source, defaulting to GND File: H:/Altera_lite/Github/550tetris/TetrisField_JY/field.v Line: 12
    Warning (12110): Net "field[11]" is missing source, defaulting to GND File: H:/Altera_lite/Github/550tetris/TetrisField_JY/field.v Line: 12
    Warning (12110): Net "field[12]" is missing source, defaulting to GND File: H:/Altera_lite/Github/550tetris/TetrisField_JY/field.v Line: 12
    Warning (12110): Net "field[13]" is missing source, defaulting to GND File: H:/Altera_lite/Github/550tetris/TetrisField_JY/field.v Line: 12
    Warning (12110): Net "field[14]" is missing source, defaulting to GND File: H:/Altera_lite/Github/550tetris/TetrisField_JY/field.v Line: 12
    Warning (12110): Net "field[15]" is missing source, defaulting to GND File: H:/Altera_lite/Github/550tetris/TetrisField_JY/field.v Line: 12
    Warning (12110): Net "field[16]" is missing source, defaulting to GND File: H:/Altera_lite/Github/550tetris/TetrisField_JY/field.v Line: 12
    Warning (12110): Net "field[17]" is missing source, defaulting to GND File: H:/Altera_lite/Github/550tetris/TetrisField_JY/field.v Line: 12
    Warning (12110): Net "field[18]" is missing source, defaulting to GND File: H:/Altera_lite/Github/550tetris/TetrisField_JY/field.v Line: 12
    Warning (12110): Net "field[19]" is missing source, defaulting to GND File: H:/Altera_lite/Github/550tetris/TetrisField_JY/field.v Line: 12
    Warning (12110): Net "field[20]" is missing source, defaulting to GND File: H:/Altera_lite/Github/550tetris/TetrisField_JY/field.v Line: 12
    Warning (12110): Net "field[21]" is missing source, defaulting to GND File: H:/Altera_lite/Github/550tetris/TetrisField_JY/field.v Line: 12
    Warning (12110): Net "field[22]" is missing source, defaulting to GND File: H:/Altera_lite/Github/550tetris/TetrisField_JY/field.v Line: 12
    Warning (12110): Net "field[23]" is missing source, defaulting to GND File: H:/Altera_lite/Github/550tetris/TetrisField_JY/field.v Line: 12
    Warning (12110): Net "field[24]" is missing source, defaulting to GND File: H:/Altera_lite/Github/550tetris/TetrisField_JY/field.v Line: 12
    Warning (12110): Net "field[25]" is missing source, defaulting to GND File: H:/Altera_lite/Github/550tetris/TetrisField_JY/field.v Line: 12
    Warning (12110): Net "field[26]" is missing source, defaulting to GND File: H:/Altera_lite/Github/550tetris/TetrisField_JY/field.v Line: 12
    Warning (12110): Net "field[27]" is missing source, defaulting to GND File: H:/Altera_lite/Github/550tetris/TetrisField_JY/field.v Line: 12
    Warning (12110): Net "field[28]" is missing source, defaulting to GND File: H:/Altera_lite/Github/550tetris/TetrisField_JY/field.v Line: 12
    Warning (12110): Net "field[29]" is missing source, defaulting to GND File: H:/Altera_lite/Github/550tetris/TetrisField_JY/field.v Line: 12
    Warning (12110): Net "field[30]" is missing source, defaulting to GND File: H:/Altera_lite/Github/550tetris/TetrisField_JY/field.v Line: 12
    Warning (12110): Net "field[31]" is missing source, defaulting to GND File: H:/Altera_lite/Github/550tetris/TetrisField_JY/field.v Line: 12
    Warning (12110): Net "field[32]" is missing source, defaulting to GND File: H:/Altera_lite/Github/550tetris/TetrisField_JY/field.v Line: 12
    Warning (12110): Net "field[33]" is missing source, defaulting to GND File: H:/Altera_lite/Github/550tetris/TetrisField_JY/field.v Line: 12
    Warning (12110): Net "field[34]" is missing source, defaulting to GND File: H:/Altera_lite/Github/550tetris/TetrisField_JY/field.v Line: 12
    Warning (12110): Net "field[35]" is missing source, defaulting to GND File: H:/Altera_lite/Github/550tetris/TetrisField_JY/field.v Line: 12
    Warning (12110): Net "field[36]" is missing source, defaulting to GND File: H:/Altera_lite/Github/550tetris/TetrisField_JY/field.v Line: 12
    Warning (12110): Net "field[37]" is missing source, defaulting to GND File: H:/Altera_lite/Github/550tetris/TetrisField_JY/field.v Line: 12
    Warning (12110): Net "field[38]" is missing source, defaulting to GND File: H:/Altera_lite/Github/550tetris/TetrisField_JY/field.v Line: 12
    Warning (12110): Net "field[39]" is missing source, defaulting to GND File: H:/Altera_lite/Github/550tetris/TetrisField_JY/field.v Line: 12
    Warning (12110): Net "field[40]" is missing source, defaulting to GND File: H:/Altera_lite/Github/550tetris/TetrisField_JY/field.v Line: 12
    Warning (12110): Net "field[41]" is missing source, defaulting to GND File: H:/Altera_lite/Github/550tetris/TetrisField_JY/field.v Line: 12
    Warning (12110): Net "field[42]" is missing source, defaulting to GND File: H:/Altera_lite/Github/550tetris/TetrisField_JY/field.v Line: 12
    Warning (12110): Net "field[43]" is missing source, defaulting to GND File: H:/Altera_lite/Github/550tetris/TetrisField_JY/field.v Line: 12
    Warning (12110): Net "field[44]" is missing source, defaulting to GND File: H:/Altera_lite/Github/550tetris/TetrisField_JY/field.v Line: 12
    Warning (12110): Net "field[45]" is missing source, defaulting to GND File: H:/Altera_lite/Github/550tetris/TetrisField_JY/field.v Line: 12
    Warning (12110): Net "field[46]" is missing source, defaulting to GND File: H:/Altera_lite/Github/550tetris/TetrisField_JY/field.v Line: 12
    Warning (12110): Net "field[47]" is missing source, defaulting to GND File: H:/Altera_lite/Github/550tetris/TetrisField_JY/field.v Line: 12
    Warning (12110): Net "field[48]" is missing source, defaulting to GND File: H:/Altera_lite/Github/550tetris/TetrisField_JY/field.v Line: 12
    Warning (12110): Net "field[49]" is missing source, defaulting to GND File: H:/Altera_lite/Github/550tetris/TetrisField_JY/field.v Line: 12
    Warning (12110): Net "field[50]" is missing source, defaulting to GND File: H:/Altera_lite/Github/550tetris/TetrisField_JY/field.v Line: 12
    Warning (12110): Net "field[51]" is missing source, defaulting to GND File: H:/Altera_lite/Github/550tetris/TetrisField_JY/field.v Line: 12
    Warning (12110): Net "field[52]" is missing source, defaulting to GND File: H:/Altera_lite/Github/550tetris/TetrisField_JY/field.v Line: 12
    Warning (12110): Net "field[53]" is missing source, defaulting to GND File: H:/Altera_lite/Github/550tetris/TetrisField_JY/field.v Line: 12
    Warning (12110): Net "field[54]" is missing source, defaulting to GND File: H:/Altera_lite/Github/550tetris/TetrisField_JY/field.v Line: 12
    Warning (12110): Net "field[55]" is missing source, defaulting to GND File: H:/Altera_lite/Github/550tetris/TetrisField_JY/field.v Line: 12
    Warning (12110): Net "field[56]" is missing source, defaulting to GND File: H:/Altera_lite/Github/550tetris/TetrisField_JY/field.v Line: 12
    Warning (12110): Net "field[57]" is missing source, defaulting to GND File: H:/Altera_lite/Github/550tetris/TetrisField_JY/field.v Line: 12
    Warning (12110): Net "field[58]" is missing source, defaulting to GND File: H:/Altera_lite/Github/550tetris/TetrisField_JY/field.v Line: 12
    Warning (12110): Net "field[59]" is missing source, defaulting to GND File: H:/Altera_lite/Github/550tetris/TetrisField_JY/field.v Line: 12
    Warning (12110): Net "field[60]" is missing source, defaulting to GND File: H:/Altera_lite/Github/550tetris/TetrisField_JY/field.v Line: 12
    Warning (12110): Net "field[61]" is missing source, defaulting to GND File: H:/Altera_lite/Github/550tetris/TetrisField_JY/field.v Line: 12
    Warning (12110): Net "field[62]" is missing source, defaulting to GND File: H:/Altera_lite/Github/550tetris/TetrisField_JY/field.v Line: 12
    Warning (12110): Net "field[63]" is missing source, defaulting to GND File: H:/Altera_lite/Github/550tetris/TetrisField_JY/field.v Line: 12
    Warning (12110): Net "field[64]" is missing source, defaulting to GND File: H:/Altera_lite/Github/550tetris/TetrisField_JY/field.v Line: 12
    Warning (12110): Net "field[65]" is missing source, defaulting to GND File: H:/Altera_lite/Github/550tetris/TetrisField_JY/field.v Line: 12
    Warning (12110): Net "field[66]" is missing source, defaulting to GND File: H:/Altera_lite/Github/550tetris/TetrisField_JY/field.v Line: 12
    Warning (12110): Net "field[67]" is missing source, defaulting to GND File: H:/Altera_lite/Github/550tetris/TetrisField_JY/field.v Line: 12
    Warning (12110): Net "field[68]" is missing source, defaulting to GND File: H:/Altera_lite/Github/550tetris/TetrisField_JY/field.v Line: 12
    Warning (12110): Net "field[69]" is missing source, defaulting to GND File: H:/Altera_lite/Github/550tetris/TetrisField_JY/field.v Line: 12
    Warning (12110): Net "field[70]" is missing source, defaulting to GND File: H:/Altera_lite/Github/550tetris/TetrisField_JY/field.v Line: 12
    Warning (12110): Net "field[71]" is missing source, defaulting to GND File: H:/Altera_lite/Github/550tetris/TetrisField_JY/field.v Line: 12
    Warning (12110): Net "field[72]" is missing source, defaulting to GND File: H:/Altera_lite/Github/550tetris/TetrisField_JY/field.v Line: 12
    Warning (12110): Net "field[73]" is missing source, defaulting to GND File: H:/Altera_lite/Github/550tetris/TetrisField_JY/field.v Line: 12
    Warning (12110): Net "field[74]" is missing source, defaulting to GND File: H:/Altera_lite/Github/550tetris/TetrisField_JY/field.v Line: 12
    Warning (12110): Net "field[75]" is missing source, defaulting to GND File: H:/Altera_lite/Github/550tetris/TetrisField_JY/field.v Line: 12
    Warning (12110): Net "field[76]" is missing source, defaulting to GND File: H:/Altera_lite/Github/550tetris/TetrisField_JY/field.v Line: 12
    Warning (12110): Net "field[77]" is missing source, defaulting to GND File: H:/Altera_lite/Github/550tetris/TetrisField_JY/field.v Line: 12
    Warning (12110): Net "field[78]" is missing source, defaulting to GND File: H:/Altera_lite/Github/550tetris/TetrisField_JY/field.v Line: 12
    Warning (12110): Net "field[79]" is missing source, defaulting to GND File: H:/Altera_lite/Github/550tetris/TetrisField_JY/field.v Line: 12
    Warning (12110): Net "field[80]" is missing source, defaulting to GND File: H:/Altera_lite/Github/550tetris/TetrisField_JY/field.v Line: 12
    Warning (12110): Net "field[81]" is missing source, defaulting to GND File: H:/Altera_lite/Github/550tetris/TetrisField_JY/field.v Line: 12
    Warning (12110): Net "field[82]" is missing source, defaulting to GND File: H:/Altera_lite/Github/550tetris/TetrisField_JY/field.v Line: 12
    Warning (12110): Net "field[83]" is missing source, defaulting to GND File: H:/Altera_lite/Github/550tetris/TetrisField_JY/field.v Line: 12
    Warning (12110): Net "field[84]" is missing source, defaulting to GND File: H:/Altera_lite/Github/550tetris/TetrisField_JY/field.v Line: 12
    Warning (12110): Net "field[85]" is missing source, defaulting to GND File: H:/Altera_lite/Github/550tetris/TetrisField_JY/field.v Line: 12
    Warning (12110): Net "field[86]" is missing source, defaulting to GND File: H:/Altera_lite/Github/550tetris/TetrisField_JY/field.v Line: 12
    Warning (12110): Net "field[87]" is missing source, defaulting to GND File: H:/Altera_lite/Github/550tetris/TetrisField_JY/field.v Line: 12
    Warning (12110): Net "field[88]" is missing source, defaulting to GND File: H:/Altera_lite/Github/550tetris/TetrisField_JY/field.v Line: 12
    Warning (12110): Net "field[89]" is missing source, defaulting to GND File: H:/Altera_lite/Github/550tetris/TetrisField_JY/field.v Line: 12
    Warning (12110): Net "field[90]" is missing source, defaulting to GND File: H:/Altera_lite/Github/550tetris/TetrisField_JY/field.v Line: 12
    Warning (12110): Net "field[91]" is missing source, defaulting to GND File: H:/Altera_lite/Github/550tetris/TetrisField_JY/field.v Line: 12
    Warning (12110): Net "field[92]" is missing source, defaulting to GND File: H:/Altera_lite/Github/550tetris/TetrisField_JY/field.v Line: 12
    Warning (12110): Net "field[93]" is missing source, defaulting to GND File: H:/Altera_lite/Github/550tetris/TetrisField_JY/field.v Line: 12
    Warning (12110): Net "field[94]" is missing source, defaulting to GND File: H:/Altera_lite/Github/550tetris/TetrisField_JY/field.v Line: 12
    Warning (12110): Net "field[95]" is missing source, defaulting to GND File: H:/Altera_lite/Github/550tetris/TetrisField_JY/field.v Line: 12
    Warning (12110): Net "field[96]" is missing source, defaulting to GND File: H:/Altera_lite/Github/550tetris/TetrisField_JY/field.v Line: 12
    Warning (12110): Net "field[97]" is missing source, defaulting to GND File: H:/Altera_lite/Github/550tetris/TetrisField_JY/field.v Line: 12
    Warning (12110): Net "field[98]" is missing source, defaulting to GND File: H:/Altera_lite/Github/550tetris/TetrisField_JY/field.v Line: 12
    Warning (12110): Net "field[99]" is missing source, defaulting to GND File: H:/Altera_lite/Github/550tetris/TetrisField_JY/field.v Line: 12
    Warning (12110): Net "field[100]" is missing source, defaulting to GND File: H:/Altera_lite/Github/550tetris/TetrisField_JY/field.v Line: 12
    Warning (12110): Net "field[101]" is missing source, defaulting to GND File: H:/Altera_lite/Github/550tetris/TetrisField_JY/field.v Line: 12
    Warning (12110): Net "field[102]" is missing source, defaulting to GND File: H:/Altera_lite/Github/550tetris/TetrisField_JY/field.v Line: 12
    Warning (12110): Net "field[103]" is missing source, defaulting to GND File: H:/Altera_lite/Github/550tetris/TetrisField_JY/field.v Line: 12
    Warning (12110): Net "field[104]" is missing source, defaulting to GND File: H:/Altera_lite/Github/550tetris/TetrisField_JY/field.v Line: 12
    Warning (12110): Net "field[105]" is missing source, defaulting to GND File: H:/Altera_lite/Github/550tetris/TetrisField_JY/field.v Line: 12
    Warning (12110): Net "field[106]" is missing source, defaulting to GND File: H:/Altera_lite/Github/550tetris/TetrisField_JY/field.v Line: 12
    Warning (12110): Net "field[107]" is missing source, defaulting to GND File: H:/Altera_lite/Github/550tetris/TetrisField_JY/field.v Line: 12
    Warning (12110): Net "field[108]" is missing source, defaulting to GND File: H:/Altera_lite/Github/550tetris/TetrisField_JY/field.v Line: 12
    Warning (12110): Net "field[109]" is missing source, defaulting to GND File: H:/Altera_lite/Github/550tetris/TetrisField_JY/field.v Line: 12
    Warning (12110): Net "field[110]" is missing source, defaulting to GND File: H:/Altera_lite/Github/550tetris/TetrisField_JY/field.v Line: 12
    Warning (12110): Net "field[111]" is missing source, defaulting to GND File: H:/Altera_lite/Github/550tetris/TetrisField_JY/field.v Line: 12
    Warning (12110): Net "field[112]" is missing source, defaulting to GND File: H:/Altera_lite/Github/550tetris/TetrisField_JY/field.v Line: 12
    Warning (12110): Net "field[113]" is missing source, defaulting to GND File: H:/Altera_lite/Github/550tetris/TetrisField_JY/field.v Line: 12
    Warning (12110): Net "field[114]" is missing source, defaulting to GND File: H:/Altera_lite/Github/550tetris/TetrisField_JY/field.v Line: 12
    Warning (12110): Net "field[115]" is missing source, defaulting to GND File: H:/Altera_lite/Github/550tetris/TetrisField_JY/field.v Line: 12
    Warning (12110): Net "field[116]" is missing source, defaulting to GND File: H:/Altera_lite/Github/550tetris/TetrisField_JY/field.v Line: 12
    Warning (12110): Net "field[117]" is missing source, defaulting to GND File: H:/Altera_lite/Github/550tetris/TetrisField_JY/field.v Line: 12
    Warning (12110): Net "field[118]" is missing source, defaulting to GND File: H:/Altera_lite/Github/550tetris/TetrisField_JY/field.v Line: 12
    Warning (12110): Net "field[119]" is missing source, defaulting to GND File: H:/Altera_lite/Github/550tetris/TetrisField_JY/field.v Line: 12
    Warning (12110): Net "field[120]" is missing source, defaulting to GND File: H:/Altera_lite/Github/550tetris/TetrisField_JY/field.v Line: 12
    Warning (12110): Net "field[121]" is missing source, defaulting to GND File: H:/Altera_lite/Github/550tetris/TetrisField_JY/field.v Line: 12
    Warning (12110): Net "field[122]" is missing source, defaulting to GND File: H:/Altera_lite/Github/550tetris/TetrisField_JY/field.v Line: 12
    Warning (12110): Net "field[123]" is missing source, defaulting to GND File: H:/Altera_lite/Github/550tetris/TetrisField_JY/field.v Line: 12
    Warning (12110): Net "field[124]" is missing source, defaulting to GND File: H:/Altera_lite/Github/550tetris/TetrisField_JY/field.v Line: 12
    Warning (12110): Net "field[125]" is missing source, defaulting to GND File: H:/Altera_lite/Github/550tetris/TetrisField_JY/field.v Line: 12
    Warning (12110): Net "field[126]" is missing source, defaulting to GND File: H:/Altera_lite/Github/550tetris/TetrisField_JY/field.v Line: 12
    Warning (12110): Net "field[127]" is missing source, defaulting to GND File: H:/Altera_lite/Github/550tetris/TetrisField_JY/field.v Line: 12
    Warning (12110): Net "field[128]" is missing source, defaulting to GND File: H:/Altera_lite/Github/550tetris/TetrisField_JY/field.v Line: 12
    Warning (12110): Net "field[129]" is missing source, defaulting to GND File: H:/Altera_lite/Github/550tetris/TetrisField_JY/field.v Line: 12
    Warning (12110): Net "field[130]" is missing source, defaulting to GND File: H:/Altera_lite/Github/550tetris/TetrisField_JY/field.v Line: 12
    Warning (12110): Net "field[131]" is missing source, defaulting to GND File: H:/Altera_lite/Github/550tetris/TetrisField_JY/field.v Line: 12
    Warning (12110): Net "field[132]" is missing source, defaulting to GND File: H:/Altera_lite/Github/550tetris/TetrisField_JY/field.v Line: 12
    Warning (12110): Net "field[133]" is missing source, defaulting to GND File: H:/Altera_lite/Github/550tetris/TetrisField_JY/field.v Line: 12
    Warning (12110): Net "field[134]" is missing source, defaulting to GND File: H:/Altera_lite/Github/550tetris/TetrisField_JY/field.v Line: 12
    Warning (12110): Net "field[135]" is missing source, defaulting to GND File: H:/Altera_lite/Github/550tetris/TetrisField_JY/field.v Line: 12
    Warning (12110): Net "field[136]" is missing source, defaulting to GND File: H:/Altera_lite/Github/550tetris/TetrisField_JY/field.v Line: 12
    Warning (12110): Net "field[137]" is missing source, defaulting to GND File: H:/Altera_lite/Github/550tetris/TetrisField_JY/field.v Line: 12
    Warning (12110): Net "field[138]" is missing source, defaulting to GND File: H:/Altera_lite/Github/550tetris/TetrisField_JY/field.v Line: 12
    Warning (12110): Net "field[139]" is missing source, defaulting to GND File: H:/Altera_lite/Github/550tetris/TetrisField_JY/field.v Line: 12
    Warning (12110): Net "field[140]" is missing source, defaulting to GND File: H:/Altera_lite/Github/550tetris/TetrisField_JY/field.v Line: 12
    Warning (12110): Net "field[141]" is missing source, defaulting to GND File: H:/Altera_lite/Github/550tetris/TetrisField_JY/field.v Line: 12
    Warning (12110): Net "field[142]" is missing source, defaulting to GND File: H:/Altera_lite/Github/550tetris/TetrisField_JY/field.v Line: 12
    Warning (12110): Net "field[143]" is missing source, defaulting to GND File: H:/Altera_lite/Github/550tetris/TetrisField_JY/field.v Line: 12
    Warning (12110): Net "field[144]" is missing source, defaulting to GND File: H:/Altera_lite/Github/550tetris/TetrisField_JY/field.v Line: 12
    Warning (12110): Net "field[145]" is missing source, defaulting to GND File: H:/Altera_lite/Github/550tetris/TetrisField_JY/field.v Line: 12
    Warning (12110): Net "field[146]" is missing source, defaulting to GND File: H:/Altera_lite/Github/550tetris/TetrisField_JY/field.v Line: 12
    Warning (12110): Net "field[147]" is missing source, defaulting to GND File: H:/Altera_lite/Github/550tetris/TetrisField_JY/field.v Line: 12
    Warning (12110): Net "field[148]" is missing source, defaulting to GND File: H:/Altera_lite/Github/550tetris/TetrisField_JY/field.v Line: 12
    Warning (12110): Net "field[149]" is missing source, defaulting to GND File: H:/Altera_lite/Github/550tetris/TetrisField_JY/field.v Line: 12
    Warning (12110): Net "field[150]" is missing source, defaulting to GND File: H:/Altera_lite/Github/550tetris/TetrisField_JY/field.v Line: 12
    Warning (12110): Net "field[151]" is missing source, defaulting to GND File: H:/Altera_lite/Github/550tetris/TetrisField_JY/field.v Line: 12
    Warning (12110): Net "field[152]" is missing source, defaulting to GND File: H:/Altera_lite/Github/550tetris/TetrisField_JY/field.v Line: 12
    Warning (12110): Net "field[153]" is missing source, defaulting to GND File: H:/Altera_lite/Github/550tetris/TetrisField_JY/field.v Line: 12
    Warning (12110): Net "field[154]" is missing source, defaulting to GND File: H:/Altera_lite/Github/550tetris/TetrisField_JY/field.v Line: 12
    Warning (12110): Net "field[155]" is missing source, defaulting to GND File: H:/Altera_lite/Github/550tetris/TetrisField_JY/field.v Line: 12
    Warning (12110): Net "field[156]" is missing source, defaulting to GND File: H:/Altera_lite/Github/550tetris/TetrisField_JY/field.v Line: 12
    Warning (12110): Net "field[157]" is missing source, defaulting to GND File: H:/Altera_lite/Github/550tetris/TetrisField_JY/field.v Line: 12
    Warning (12110): Net "field[158]" is missing source, defaulting to GND File: H:/Altera_lite/Github/550tetris/TetrisField_JY/field.v Line: 12
    Warning (12110): Net "field[159]" is missing source, defaulting to GND File: H:/Altera_lite/Github/550tetris/TetrisField_JY/field.v Line: 12
    Warning (12110): Net "field[160]" is missing source, defaulting to GND File: H:/Altera_lite/Github/550tetris/TetrisField_JY/field.v Line: 12
    Warning (12110): Net "field[161]" is missing source, defaulting to GND File: H:/Altera_lite/Github/550tetris/TetrisField_JY/field.v Line: 12
    Warning (12110): Net "field[162]" is missing source, defaulting to GND File: H:/Altera_lite/Github/550tetris/TetrisField_JY/field.v Line: 12
    Warning (12110): Net "field[163]" is missing source, defaulting to GND File: H:/Altera_lite/Github/550tetris/TetrisField_JY/field.v Line: 12
    Warning (12110): Net "field[164]" is missing source, defaulting to GND File: H:/Altera_lite/Github/550tetris/TetrisField_JY/field.v Line: 12
    Warning (12110): Net "field[165]" is missing source, defaulting to GND File: H:/Altera_lite/Github/550tetris/TetrisField_JY/field.v Line: 12
    Warning (12110): Net "field[166]" is missing source, defaulting to GND File: H:/Altera_lite/Github/550tetris/TetrisField_JY/field.v Line: 12
    Warning (12110): Net "field[167]" is missing source, defaulting to GND File: H:/Altera_lite/Github/550tetris/TetrisField_JY/field.v Line: 12
    Warning (12110): Net "field[168]" is missing source, defaulting to GND File: H:/Altera_lite/Github/550tetris/TetrisField_JY/field.v Line: 12
    Warning (12110): Net "field[169]" is missing source, defaulting to GND File: H:/Altera_lite/Github/550tetris/TetrisField_JY/field.v Line: 12
    Warning (12110): Net "field[170]" is missing source, defaulting to GND File: H:/Altera_lite/Github/550tetris/TetrisField_JY/field.v Line: 12
    Warning (12110): Net "field[171]" is missing source, defaulting to GND File: H:/Altera_lite/Github/550tetris/TetrisField_JY/field.v Line: 12
    Warning (12110): Net "field[172]" is missing source, defaulting to GND File: H:/Altera_lite/Github/550tetris/TetrisField_JY/field.v Line: 12
    Warning (12110): Net "field[173]" is missing source, defaulting to GND File: H:/Altera_lite/Github/550tetris/TetrisField_JY/field.v Line: 12
    Warning (12110): Net "field[174]" is missing source, defaulting to GND File: H:/Altera_lite/Github/550tetris/TetrisField_JY/field.v Line: 12
    Warning (12110): Net "field[175]" is missing source, defaulting to GND File: H:/Altera_lite/Github/550tetris/TetrisField_JY/field.v Line: 12
    Warning (12110): Net "field[176]" is missing source, defaulting to GND File: H:/Altera_lite/Github/550tetris/TetrisField_JY/field.v Line: 12
    Warning (12110): Net "field[177]" is missing source, defaulting to GND File: H:/Altera_lite/Github/550tetris/TetrisField_JY/field.v Line: 12
    Warning (12110): Net "field[178]" is missing source, defaulting to GND File: H:/Altera_lite/Github/550tetris/TetrisField_JY/field.v Line: 12
    Warning (12110): Net "field[179]" is missing source, defaulting to GND File: H:/Altera_lite/Github/550tetris/TetrisField_JY/field.v Line: 12
    Warning (12110): Net "field[180]" is missing source, defaulting to GND File: H:/Altera_lite/Github/550tetris/TetrisField_JY/field.v Line: 12
    Warning (12110): Net "field[181]" is missing source, defaulting to GND File: H:/Altera_lite/Github/550tetris/TetrisField_JY/field.v Line: 12
    Warning (12110): Net "field[182]" is missing source, defaulting to GND File: H:/Altera_lite/Github/550tetris/TetrisField_JY/field.v Line: 12
    Warning (12110): Net "field[183]" is missing source, defaulting to GND File: H:/Altera_lite/Github/550tetris/TetrisField_JY/field.v Line: 12
    Warning (12110): Net "field[184]" is missing source, defaulting to GND File: H:/Altera_lite/Github/550tetris/TetrisField_JY/field.v Line: 12
    Warning (12110): Net "field[185]" is missing source, defaulting to GND File: H:/Altera_lite/Github/550tetris/TetrisField_JY/field.v Line: 12
    Warning (12110): Net "field[186]" is missing source, defaulting to GND File: H:/Altera_lite/Github/550tetris/TetrisField_JY/field.v Line: 12
    Warning (12110): Net "field[187]" is missing source, defaulting to GND File: H:/Altera_lite/Github/550tetris/TetrisField_JY/field.v Line: 12
    Warning (12110): Net "field[188]" is missing source, defaulting to GND File: H:/Altera_lite/Github/550tetris/TetrisField_JY/field.v Line: 12
    Warning (12110): Net "field[189]" is missing source, defaulting to GND File: H:/Altera_lite/Github/550tetris/TetrisField_JY/field.v Line: 12
    Warning (12110): Net "field[190]" is missing source, defaulting to GND File: H:/Altera_lite/Github/550tetris/TetrisField_JY/field.v Line: 12
    Warning (12110): Net "field[191]" is missing source, defaulting to GND File: H:/Altera_lite/Github/550tetris/TetrisField_JY/field.v Line: 12
    Warning (12110): Net "field[192]" is missing source, defaulting to GND File: H:/Altera_lite/Github/550tetris/TetrisField_JY/field.v Line: 12
    Warning (12110): Net "field[193]" is missing source, defaulting to GND File: H:/Altera_lite/Github/550tetris/TetrisField_JY/field.v Line: 12
    Warning (12110): Net "field[194]" is missing source, defaulting to GND File: H:/Altera_lite/Github/550tetris/TetrisField_JY/field.v Line: 12
    Warning (12110): Net "field[195]" is missing source, defaulting to GND File: H:/Altera_lite/Github/550tetris/TetrisField_JY/field.v Line: 12
    Warning (12110): Net "field[196]" is missing source, defaulting to GND File: H:/Altera_lite/Github/550tetris/TetrisField_JY/field.v Line: 12
    Warning (12110): Net "field[197]" is missing source, defaulting to GND File: H:/Altera_lite/Github/550tetris/TetrisField_JY/field.v Line: 12
    Warning (12110): Net "field[198]" is missing source, defaulting to GND File: H:/Altera_lite/Github/550tetris/TetrisField_JY/field.v Line: 12
    Warning (12110): Net "field[199]" is missing source, defaulting to GND File: H:/Altera_lite/Github/550tetris/TetrisField_JY/field.v Line: 12
    Warning (12110): Net "field[200]" is missing source, defaulting to GND File: H:/Altera_lite/Github/550tetris/TetrisField_JY/field.v Line: 12
    Warning (12110): Net "field[201]" is missing source, defaulting to GND File: H:/Altera_lite/Github/550tetris/TetrisField_JY/field.v Line: 12
    Warning (12110): Net "field[202]" is missing source, defaulting to GND File: H:/Altera_lite/Github/550tetris/TetrisField_JY/field.v Line: 12
    Warning (12110): Net "field[203]" is missing source, defaulting to GND File: H:/Altera_lite/Github/550tetris/TetrisField_JY/field.v Line: 12
    Warning (12110): Net "field[204]" is missing source, defaulting to GND File: H:/Altera_lite/Github/550tetris/TetrisField_JY/field.v Line: 12
    Warning (12110): Net "field[205]" is missing source, defaulting to GND File: H:/Altera_lite/Github/550tetris/TetrisField_JY/field.v Line: 12
    Warning (12110): Net "field[206]" is missing source, defaulting to GND File: H:/Altera_lite/Github/550tetris/TetrisField_JY/field.v Line: 12
    Warning (12110): Net "field[207]" is missing source, defaulting to GND File: H:/Altera_lite/Github/550tetris/TetrisField_JY/field.v Line: 12
    Warning (12110): Net "field[208]" is missing source, defaulting to GND File: H:/Altera_lite/Github/550tetris/TetrisField_JY/field.v Line: 12
    Warning (12110): Net "field[209]" is missing source, defaulting to GND File: H:/Altera_lite/Github/550tetris/TetrisField_JY/field.v Line: 12
    Warning (12110): Net "field[210]" is missing source, defaulting to GND File: H:/Altera_lite/Github/550tetris/TetrisField_JY/field.v Line: 12
    Warning (12110): Net "field[211]" is missing source, defaulting to GND File: H:/Altera_lite/Github/550tetris/TetrisField_JY/field.v Line: 12
    Warning (12110): Net "field[212]" is missing source, defaulting to GND File: H:/Altera_lite/Github/550tetris/TetrisField_JY/field.v Line: 12
    Warning (12110): Net "field[213]" is missing source, defaulting to GND File: H:/Altera_lite/Github/550tetris/TetrisField_JY/field.v Line: 12
    Warning (12110): Net "field[214]" is missing source, defaulting to GND File: H:/Altera_lite/Github/550tetris/TetrisField_JY/field.v Line: 12
    Warning (12110): Net "field[215]" is missing source, defaulting to GND File: H:/Altera_lite/Github/550tetris/TetrisField_JY/field.v Line: 12
    Warning (12110): Net "field[216]" is missing source, defaulting to GND File: H:/Altera_lite/Github/550tetris/TetrisField_JY/field.v Line: 12
    Warning (12110): Net "field[217]" is missing source, defaulting to GND File: H:/Altera_lite/Github/550tetris/TetrisField_JY/field.v Line: 12
    Warning (12110): Net "field[218]" is missing source, defaulting to GND File: H:/Altera_lite/Github/550tetris/TetrisField_JY/field.v Line: 12
    Warning (12110): Net "field[219]" is missing source, defaulting to GND File: H:/Altera_lite/Github/550tetris/TetrisField_JY/field.v Line: 12
    Warning (12110): Net "field[220]" is missing source, defaulting to GND File: H:/Altera_lite/Github/550tetris/TetrisField_JY/field.v Line: 12
    Warning (12110): Net "field[221]" is missing source, defaulting to GND File: H:/Altera_lite/Github/550tetris/TetrisField_JY/field.v Line: 12
    Warning (12110): Net "field[222]" is missing source, defaulting to GND File: H:/Altera_lite/Github/550tetris/TetrisField_JY/field.v Line: 12
    Warning (12110): Net "field[223]" is missing source, defaulting to GND File: H:/Altera_lite/Github/550tetris/TetrisField_JY/field.v Line: 12
    Warning (12110): Net "field[224]" is missing source, defaulting to GND File: H:/Altera_lite/Github/550tetris/TetrisField_JY/field.v Line: 12
    Warning (12110): Net "field[225]" is missing source, defaulting to GND File: H:/Altera_lite/Github/550tetris/TetrisField_JY/field.v Line: 12
    Warning (12110): Net "field[226]" is missing source, defaulting to GND File: H:/Altera_lite/Github/550tetris/TetrisField_JY/field.v Line: 12
    Warning (12110): Net "field[227]" is missing source, defaulting to GND File: H:/Altera_lite/Github/550tetris/TetrisField_JY/field.v Line: 12
    Warning (12110): Net "field[228]" is missing source, defaulting to GND File: H:/Altera_lite/Github/550tetris/TetrisField_JY/field.v Line: 12
    Warning (12110): Net "field[229]" is missing source, defaulting to GND File: H:/Altera_lite/Github/550tetris/TetrisField_JY/field.v Line: 12
    Warning (12110): Net "field[230]" is missing source, defaulting to GND File: H:/Altera_lite/Github/550tetris/TetrisField_JY/field.v Line: 12
    Warning (12110): Net "field[231]" is missing source, defaulting to GND File: H:/Altera_lite/Github/550tetris/TetrisField_JY/field.v Line: 12
    Warning (12110): Net "field[232]" is missing source, defaulting to GND File: H:/Altera_lite/Github/550tetris/TetrisField_JY/field.v Line: 12
    Warning (12110): Net "field[233]" is missing source, defaulting to GND File: H:/Altera_lite/Github/550tetris/TetrisField_JY/field.v Line: 12
    Warning (12110): Net "field[234]" is missing source, defaulting to GND File: H:/Altera_lite/Github/550tetris/TetrisField_JY/field.v Line: 12
    Warning (12110): Net "field[235]" is missing source, defaulting to GND File: H:/Altera_lite/Github/550tetris/TetrisField_JY/field.v Line: 12
    Warning (12110): Net "field[236]" is missing source, defaulting to GND File: H:/Altera_lite/Github/550tetris/TetrisField_JY/field.v Line: 12
    Warning (12110): Net "field[237]" is missing source, defaulting to GND File: H:/Altera_lite/Github/550tetris/TetrisField_JY/field.v Line: 12
    Warning (12110): Net "field[238]" is missing source, defaulting to GND File: H:/Altera_lite/Github/550tetris/TetrisField_JY/field.v Line: 12
    Warning (12110): Net "field[239]" is missing source, defaulting to GND File: H:/Altera_lite/Github/550tetris/TetrisField_JY/field.v Line: 12
    Warning (12110): Net "field[240]" is missing source, defaulting to GND File: H:/Altera_lite/Github/550tetris/TetrisField_JY/field.v Line: 12
    Warning (12110): Net "field[241]" is missing source, defaulting to GND File: H:/Altera_lite/Github/550tetris/TetrisField_JY/field.v Line: 12
    Warning (12110): Net "field[242]" is missing source, defaulting to GND File: H:/Altera_lite/Github/550tetris/TetrisField_JY/field.v Line: 12
    Warning (12110): Net "field[243]" is missing source, defaulting to GND File: H:/Altera_lite/Github/550tetris/TetrisField_JY/field.v Line: 12
    Warning (12110): Net "field[244]" is missing source, defaulting to GND File: H:/Altera_lite/Github/550tetris/TetrisField_JY/field.v Line: 12
    Warning (12110): Net "field[245]" is missing source, defaulting to GND File: H:/Altera_lite/Github/550tetris/TetrisField_JY/field.v Line: 12
    Warning (12110): Net "field[246]" is missing source, defaulting to GND File: H:/Altera_lite/Github/550tetris/TetrisField_JY/field.v Line: 12
    Warning (12110): Net "field[247]" is missing source, defaulting to GND File: H:/Altera_lite/Github/550tetris/TetrisField_JY/field.v Line: 12
    Warning (12110): Net "field[248]" is missing source, defaulting to GND File: H:/Altera_lite/Github/550tetris/TetrisField_JY/field.v Line: 12
    Warning (12110): Net "field[249]" is missing source, defaulting to GND File: H:/Altera_lite/Github/550tetris/TetrisField_JY/field.v Line: 12
    Warning (12110): Net "field[250]" is missing source, defaulting to GND File: H:/Altera_lite/Github/550tetris/TetrisField_JY/field.v Line: 12
    Warning (12110): Net "field[251]" is missing source, defaulting to GND File: H:/Altera_lite/Github/550tetris/TetrisField_JY/field.v Line: 12
    Warning (12110): Net "field[252]" is missing source, defaulting to GND File: H:/Altera_lite/Github/550tetris/TetrisField_JY/field.v Line: 12
    Warning (12110): Net "field[253]" is missing source, defaulting to GND File: H:/Altera_lite/Github/550tetris/TetrisField_JY/field.v Line: 12
    Warning (12110): Net "field[254]" is missing source, defaulting to GND File: H:/Altera_lite/Github/550tetris/TetrisField_JY/field.v Line: 12
    Warning (12110): Net "field[255]" is missing source, defaulting to GND File: H:/Altera_lite/Github/550tetris/TetrisField_JY/field.v Line: 12
    Warning (12110): Net "field[256]" is missing source, defaulting to GND File: H:/Altera_lite/Github/550tetris/TetrisField_JY/field.v Line: 12
    Warning (12110): Net "field[257]" is missing source, defaulting to GND File: H:/Altera_lite/Github/550tetris/TetrisField_JY/field.v Line: 12
    Warning (12110): Net "field[258]" is missing source, defaulting to GND File: H:/Altera_lite/Github/550tetris/TetrisField_JY/field.v Line: 12
    Warning (12110): Net "field[259]" is missing source, defaulting to GND File: H:/Altera_lite/Github/550tetris/TetrisField_JY/field.v Line: 12
    Warning (12110): Net "field[260]" is missing source, defaulting to GND File: H:/Altera_lite/Github/550tetris/TetrisField_JY/field.v Line: 12
    Warning (12110): Net "field[261]" is missing source, defaulting to GND File: H:/Altera_lite/Github/550tetris/TetrisField_JY/field.v Line: 12
    Warning (12110): Net "field[262]" is missing source, defaulting to GND File: H:/Altera_lite/Github/550tetris/TetrisField_JY/field.v Line: 12
    Warning (12110): Net "field[263]" is missing source, defaulting to GND File: H:/Altera_lite/Github/550tetris/TetrisField_JY/field.v Line: 12
    Warning (12110): Net "field[264]" is missing source, defaulting to GND File: H:/Altera_lite/Github/550tetris/TetrisField_JY/field.v Line: 12
    Warning (12110): Net "field[265]" is missing source, defaulting to GND File: H:/Altera_lite/Github/550tetris/TetrisField_JY/field.v Line: 12
    Warning (12110): Net "field[266]" is missing source, defaulting to GND File: H:/Altera_lite/Github/550tetris/TetrisField_JY/field.v Line: 12
    Warning (12110): Net "field[267]" is missing source, defaulting to GND File: H:/Altera_lite/Github/550tetris/TetrisField_JY/field.v Line: 12
    Warning (12110): Net "field[268]" is missing source, defaulting to GND File: H:/Altera_lite/Github/550tetris/TetrisField_JY/field.v Line: 12
    Warning (12110): Net "field[269]" is missing source, defaulting to GND File: H:/Altera_lite/Github/550tetris/TetrisField_JY/field.v Line: 12
    Warning (12110): Net "field[270]" is missing source, defaulting to GND File: H:/Altera_lite/Github/550tetris/TetrisField_JY/field.v Line: 12
    Warning (12110): Net "field[271]" is missing source, defaulting to GND File: H:/Altera_lite/Github/550tetris/TetrisField_JY/field.v Line: 12
    Warning (12110): Net "field[272]" is missing source, defaulting to GND File: H:/Altera_lite/Github/550tetris/TetrisField_JY/field.v Line: 12
    Warning (12110): Net "field[273]" is missing source, defaulting to GND File: H:/Altera_lite/Github/550tetris/TetrisField_JY/field.v Line: 12
    Warning (12110): Net "field[274]" is missing source, defaulting to GND File: H:/Altera_lite/Github/550tetris/TetrisField_JY/field.v Line: 12
    Warning (12110): Net "field[275]" is missing source, defaulting to GND File: H:/Altera_lite/Github/550tetris/TetrisField_JY/field.v Line: 12
    Warning (12110): Net "field[276]" is missing source, defaulting to GND File: H:/Altera_lite/Github/550tetris/TetrisField_JY/field.v Line: 12
    Warning (12110): Net "field[277]" is missing source, defaulting to GND File: H:/Altera_lite/Github/550tetris/TetrisField_JY/field.v Line: 12
    Warning (12110): Net "field[278]" is missing source, defaulting to GND File: H:/Altera_lite/Github/550tetris/TetrisField_JY/field.v Line: 12
    Warning (12110): Net "field[279]" is missing source, defaulting to GND File: H:/Altera_lite/Github/550tetris/TetrisField_JY/field.v Line: 12
    Warning (12110): Net "field[280]" is missing source, defaulting to GND File: H:/Altera_lite/Github/550tetris/TetrisField_JY/field.v Line: 12
    Warning (12110): Net "field[281]" is missing source, defaulting to GND File: H:/Altera_lite/Github/550tetris/TetrisField_JY/field.v Line: 12
    Warning (12110): Net "field[282]" is missing source, defaulting to GND File: H:/Altera_lite/Github/550tetris/TetrisField_JY/field.v Line: 12
    Warning (12110): Net "field[283]" is missing source, defaulting to GND File: H:/Altera_lite/Github/550tetris/TetrisField_JY/field.v Line: 12
    Warning (12110): Net "field[284]" is missing source, defaulting to GND File: H:/Altera_lite/Github/550tetris/TetrisField_JY/field.v Line: 12
    Warning (12110): Net "field[285]" is missing source, defaulting to GND File: H:/Altera_lite/Github/550tetris/TetrisField_JY/field.v Line: 12
    Warning (12110): Net "field[286]" is missing source, defaulting to GND File: H:/Altera_lite/Github/550tetris/TetrisField_JY/field.v Line: 12
    Warning (12110): Net "field[287]" is missing source, defaulting to GND File: H:/Altera_lite/Github/550tetris/TetrisField_JY/field.v Line: 12
    Warning (12110): Net "field[288]" is missing source, defaulting to GND File: H:/Altera_lite/Github/550tetris/TetrisField_JY/field.v Line: 12
    Warning (12110): Net "field[289]" is missing source, defaulting to GND File: H:/Altera_lite/Github/550tetris/TetrisField_JY/field.v Line: 12
    Warning (12110): Net "field[290]" is missing source, defaulting to GND File: H:/Altera_lite/Github/550tetris/TetrisField_JY/field.v Line: 12
    Warning (12110): Net "field[291]" is missing source, defaulting to GND File: H:/Altera_lite/Github/550tetris/TetrisField_JY/field.v Line: 12
    Warning (12110): Net "field[292]" is missing source, defaulting to GND File: H:/Altera_lite/Github/550tetris/TetrisField_JY/field.v Line: 12
    Warning (12110): Net "field[293]" is missing source, defaulting to GND File: H:/Altera_lite/Github/550tetris/TetrisField_JY/field.v Line: 12
    Warning (12110): Net "field[294]" is missing source, defaulting to GND File: H:/Altera_lite/Github/550tetris/TetrisField_JY/field.v Line: 12
    Warning (12110): Net "field[295]" is missing source, defaulting to GND File: H:/Altera_lite/Github/550tetris/TetrisField_JY/field.v Line: 12
    Warning (12110): Net "field[296]" is missing source, defaulting to GND File: H:/Altera_lite/Github/550tetris/TetrisField_JY/field.v Line: 12
    Warning (12110): Net "field[297]" is missing source, defaulting to GND File: H:/Altera_lite/Github/550tetris/TetrisField_JY/field.v Line: 12
    Warning (12110): Net "field[298]" is missing source, defaulting to GND File: H:/Altera_lite/Github/550tetris/TetrisField_JY/field.v Line: 12
    Warning (12110): Net "field[299]" is missing source, defaulting to GND File: H:/Altera_lite/Github/550tetris/TetrisField_JY/field.v Line: 12
    Warning (12110): Net "field[300]" is missing source, defaulting to GND File: H:/Altera_lite/Github/550tetris/TetrisField_JY/field.v Line: 12
    Warning (12110): Net "field[301]" is missing source, defaulting to GND File: H:/Altera_lite/Github/550tetris/TetrisField_JY/field.v Line: 12
    Warning (12110): Net "field[302]" is missing source, defaulting to GND File: H:/Altera_lite/Github/550tetris/TetrisField_JY/field.v Line: 12
    Warning (12110): Net "field[303]" is missing source, defaulting to GND File: H:/Altera_lite/Github/550tetris/TetrisField_JY/field.v Line: 12
    Warning (12110): Net "field[304]" is missing source, defaulting to GND File: H:/Altera_lite/Github/550tetris/TetrisField_JY/field.v Line: 12
    Warning (12110): Net "field[305]" is missing source, defaulting to GND File: H:/Altera_lite/Github/550tetris/TetrisField_JY/field.v Line: 12
    Warning (12110): Net "field[306]" is missing source, defaulting to GND File: H:/Altera_lite/Github/550tetris/TetrisField_JY/field.v Line: 12
    Warning (12110): Net "field[307]" is missing source, defaulting to GND File: H:/Altera_lite/Github/550tetris/TetrisField_JY/field.v Line: 12
    Warning (12110): Net "field[308]" is missing source, defaulting to GND File: H:/Altera_lite/Github/550tetris/TetrisField_JY/field.v Line: 12
    Warning (12110): Net "field[309]" is missing source, defaulting to GND File: H:/Altera_lite/Github/550tetris/TetrisField_JY/field.v Line: 12
    Warning (12110): Net "field[310]" is missing source, defaulting to GND File: H:/Altera_lite/Github/550tetris/TetrisField_JY/field.v Line: 12
    Warning (12110): Net "field[311]" is missing source, defaulting to GND File: H:/Altera_lite/Github/550tetris/TetrisField_JY/field.v Line: 12
    Warning (12110): Net "field[312]" is missing source, defaulting to GND File: H:/Altera_lite/Github/550tetris/TetrisField_JY/field.v Line: 12
    Warning (12110): Net "field[313]" is missing source, defaulting to GND File: H:/Altera_lite/Github/550tetris/TetrisField_JY/field.v Line: 12
    Warning (12110): Net "field[314]" is missing source, defaulting to GND File: H:/Altera_lite/Github/550tetris/TetrisField_JY/field.v Line: 12
    Warning (12110): Net "field[315]" is missing source, defaulting to GND File: H:/Altera_lite/Github/550tetris/TetrisField_JY/field.v Line: 12
    Warning (12110): Net "field[316]" is missing source, defaulting to GND File: H:/Altera_lite/Github/550tetris/TetrisField_JY/field.v Line: 12
    Warning (12110): Net "field[317]" is missing source, defaulting to GND File: H:/Altera_lite/Github/550tetris/TetrisField_JY/field.v Line: 12
    Warning (12110): Net "field[318]" is missing source, defaulting to GND File: H:/Altera_lite/Github/550tetris/TetrisField_JY/field.v Line: 12
    Warning (12110): Net "field[319]" is missing source, defaulting to GND File: H:/Altera_lite/Github/550tetris/TetrisField_JY/field.v Line: 12
    Warning (12110): Net "field[320]" is missing source, defaulting to GND File: H:/Altera_lite/Github/550tetris/TetrisField_JY/field.v Line: 12
    Warning (12110): Net "field[321]" is missing source, defaulting to GND File: H:/Altera_lite/Github/550tetris/TetrisField_JY/field.v Line: 12
    Warning (12110): Net "field[322]" is missing source, defaulting to GND File: H:/Altera_lite/Github/550tetris/TetrisField_JY/field.v Line: 12
    Warning (12110): Net "field[323]" is missing source, defaulting to GND File: H:/Altera_lite/Github/550tetris/TetrisField_JY/field.v Line: 12
    Warning (12110): Net "field[324]" is missing source, defaulting to GND File: H:/Altera_lite/Github/550tetris/TetrisField_JY/field.v Line: 12
    Warning (12110): Net "field[325]" is missing source, defaulting to GND File: H:/Altera_lite/Github/550tetris/TetrisField_JY/field.v Line: 12
    Warning (12110): Net "field[326]" is missing source, defaulting to GND File: H:/Altera_lite/Github/550tetris/TetrisField_JY/field.v Line: 12
    Warning (12110): Net "field[327]" is missing source, defaulting to GND File: H:/Altera_lite/Github/550tetris/TetrisField_JY/field.v Line: 12
    Warning (12110): Net "field[328]" is missing source, defaulting to GND File: H:/Altera_lite/Github/550tetris/TetrisField_JY/field.v Line: 12
    Warning (12110): Net "field[329]" is missing source, defaulting to GND File: H:/Altera_lite/Github/550tetris/TetrisField_JY/field.v Line: 12
    Warning (12110): Net "field[330]" is missing source, defaulting to GND File: H:/Altera_lite/Github/550tetris/TetrisField_JY/field.v Line: 12
    Warning (12110): Net "field[331]" is missing source, defaulting to GND File: H:/Altera_lite/Github/550tetris/TetrisField_JY/field.v Line: 12
    Warning (12110): Net "field[332]" is missing source, defaulting to GND File: H:/Altera_lite/Github/550tetris/TetrisField_JY/field.v Line: 12
    Warning (12110): Net "field[333]" is missing source, defaulting to GND File: H:/Altera_lite/Github/550tetris/TetrisField_JY/field.v Line: 12
    Warning (12110): Net "field[334]" is missing source, defaulting to GND File: H:/Altera_lite/Github/550tetris/TetrisField_JY/field.v Line: 12
    Warning (12110): Net "field[335]" is missing source, defaulting to GND File: H:/Altera_lite/Github/550tetris/TetrisField_JY/field.v Line: 12
    Warning (12110): Net "field[336]" is missing source, defaulting to GND File: H:/Altera_lite/Github/550tetris/TetrisField_JY/field.v Line: 12
    Warning (12110): Net "field[337]" is missing source, defaulting to GND File: H:/Altera_lite/Github/550tetris/TetrisField_JY/field.v Line: 12
    Warning (12110): Net "field[338]" is missing source, defaulting to GND File: H:/Altera_lite/Github/550tetris/TetrisField_JY/field.v Line: 12
    Warning (12110): Net "field[339]" is missing source, defaulting to GND File: H:/Altera_lite/Github/550tetris/TetrisField_JY/field.v Line: 12
    Warning (12110): Net "field[340]" is missing source, defaulting to GND File: H:/Altera_lite/Github/550tetris/TetrisField_JY/field.v Line: 12
    Warning (12110): Net "field[341]" is missing source, defaulting to GND File: H:/Altera_lite/Github/550tetris/TetrisField_JY/field.v Line: 12
    Warning (12110): Net "field[342]" is missing source, defaulting to GND File: H:/Altera_lite/Github/550tetris/TetrisField_JY/field.v Line: 12
    Warning (12110): Net "field[343]" is missing source, defaulting to GND File: H:/Altera_lite/Github/550tetris/TetrisField_JY/field.v Line: 12
    Warning (12110): Net "field[344]" is missing source, defaulting to GND File: H:/Altera_lite/Github/550tetris/TetrisField_JY/field.v Line: 12
    Warning (12110): Net "field[345]" is missing source, defaulting to GND File: H:/Altera_lite/Github/550tetris/TetrisField_JY/field.v Line: 12
    Warning (12110): Net "field[346]" is missing source, defaulting to GND File: H:/Altera_lite/Github/550tetris/TetrisField_JY/field.v Line: 12
    Warning (12110): Net "field[347]" is missing source, defaulting to GND File: H:/Altera_lite/Github/550tetris/TetrisField_JY/field.v Line: 12
    Warning (12110): Net "field[348]" is missing source, defaulting to GND File: H:/Altera_lite/Github/550tetris/TetrisField_JY/field.v Line: 12
    Warning (12110): Net "field[349]" is missing source, defaulting to GND File: H:/Altera_lite/Github/550tetris/TetrisField_JY/field.v Line: 12
    Warning (12110): Net "field[350]" is missing source, defaulting to GND File: H:/Altera_lite/Github/550tetris/TetrisField_JY/field.v Line: 12
    Warning (12110): Net "field[351]" is missing source, defaulting to GND File: H:/Altera_lite/Github/550tetris/TetrisField_JY/field.v Line: 12
    Warning (12110): Net "field[352]" is missing source, defaulting to GND File: H:/Altera_lite/Github/550tetris/TetrisField_JY/field.v Line: 12
    Warning (12110): Net "field[353]" is missing source, defaulting to GND File: H:/Altera_lite/Github/550tetris/TetrisField_JY/field.v Line: 12
    Warning (12110): Net "field[354]" is missing source, defaulting to GND File: H:/Altera_lite/Github/550tetris/TetrisField_JY/field.v Line: 12
    Warning (12110): Net "field[355]" is missing source, defaulting to GND File: H:/Altera_lite/Github/550tetris/TetrisField_JY/field.v Line: 12
    Warning (12110): Net "field[356]" is missing source, defaulting to GND File: H:/Altera_lite/Github/550tetris/TetrisField_JY/field.v Line: 12
    Warning (12110): Net "field[357]" is missing source, defaulting to GND File: H:/Altera_lite/Github/550tetris/TetrisField_JY/field.v Line: 12
    Warning (12110): Net "field[358]" is missing source, defaulting to GND File: H:/Altera_lite/Github/550tetris/TetrisField_JY/field.v Line: 12
    Warning (12110): Net "field[359]" is missing source, defaulting to GND File: H:/Altera_lite/Github/550tetris/TetrisField_JY/field.v Line: 12
    Warning (12110): Net "field[360]" is missing source, defaulting to GND File: H:/Altera_lite/Github/550tetris/TetrisField_JY/field.v Line: 12
    Warning (12110): Net "field[361]" is missing source, defaulting to GND File: H:/Altera_lite/Github/550tetris/TetrisField_JY/field.v Line: 12
    Warning (12110): Net "field[362]" is missing source, defaulting to GND File: H:/Altera_lite/Github/550tetris/TetrisField_JY/field.v Line: 12
    Warning (12110): Net "field[363]" is missing source, defaulting to GND File: H:/Altera_lite/Github/550tetris/TetrisField_JY/field.v Line: 12
    Warning (12110): Net "field[364]" is missing source, defaulting to GND File: H:/Altera_lite/Github/550tetris/TetrisField_JY/field.v Line: 12
    Warning (12110): Net "field[365]" is missing source, defaulting to GND File: H:/Altera_lite/Github/550tetris/TetrisField_JY/field.v Line: 12
    Warning (12110): Net "field[366]" is missing source, defaulting to GND File: H:/Altera_lite/Github/550tetris/TetrisField_JY/field.v Line: 12
    Warning (12110): Net "field[367]" is missing source, defaulting to GND File: H:/Altera_lite/Github/550tetris/TetrisField_JY/field.v Line: 12
    Warning (12110): Net "field[368]" is missing source, defaulting to GND File: H:/Altera_lite/Github/550tetris/TetrisField_JY/field.v Line: 12
    Warning (12110): Net "field[369]" is missing source, defaulting to GND File: H:/Altera_lite/Github/550tetris/TetrisField_JY/field.v Line: 12
    Warning (12110): Net "field[370]" is missing source, defaulting to GND File: H:/Altera_lite/Github/550tetris/TetrisField_JY/field.v Line: 12
    Warning (12110): Net "field[371]" is missing source, defaulting to GND File: H:/Altera_lite/Github/550tetris/TetrisField_JY/field.v Line: 12
    Warning (12110): Net "field[372]" is missing source, defaulting to GND File: H:/Altera_lite/Github/550tetris/TetrisField_JY/field.v Line: 12
    Warning (12110): Net "field[373]" is missing source, defaulting to GND File: H:/Altera_lite/Github/550tetris/TetrisField_JY/field.v Line: 12
    Warning (12110): Net "field[374]" is missing source, defaulting to GND File: H:/Altera_lite/Github/550tetris/TetrisField_JY/field.v Line: 12
    Warning (12110): Net "field[375]" is missing source, defaulting to GND File: H:/Altera_lite/Github/550tetris/TetrisField_JY/field.v Line: 12
    Warning (12110): Net "field[376]" is missing source, defaulting to GND File: H:/Altera_lite/Github/550tetris/TetrisField_JY/field.v Line: 12
    Warning (12110): Net "field[377]" is missing source, defaulting to GND File: H:/Altera_lite/Github/550tetris/TetrisField_JY/field.v Line: 12
    Warning (12110): Net "field[378]" is missing source, defaulting to GND File: H:/Altera_lite/Github/550tetris/TetrisField_JY/field.v Line: 12
    Warning (12110): Net "field[379]" is missing source, defaulting to GND File: H:/Altera_lite/Github/550tetris/TetrisField_JY/field.v Line: 12
    Warning (12110): Net "field[380]" is missing source, defaulting to GND File: H:/Altera_lite/Github/550tetris/TetrisField_JY/field.v Line: 12
    Warning (12110): Net "field[381]" is missing source, defaulting to GND File: H:/Altera_lite/Github/550tetris/TetrisField_JY/field.v Line: 12
    Warning (12110): Net "field[382]" is missing source, defaulting to GND File: H:/Altera_lite/Github/550tetris/TetrisField_JY/field.v Line: 12
    Warning (12110): Net "field[383]" is missing source, defaulting to GND File: H:/Altera_lite/Github/550tetris/TetrisField_JY/field.v Line: 12
    Warning (12110): Net "field[384]" is missing source, defaulting to GND File: H:/Altera_lite/Github/550tetris/TetrisField_JY/field.v Line: 12
    Warning (12110): Net "field[385]" is missing source, defaulting to GND File: H:/Altera_lite/Github/550tetris/TetrisField_JY/field.v Line: 12
    Warning (12110): Net "field[386]" is missing source, defaulting to GND File: H:/Altera_lite/Github/550tetris/TetrisField_JY/field.v Line: 12
    Warning (12110): Net "field[387]" is missing source, defaulting to GND File: H:/Altera_lite/Github/550tetris/TetrisField_JY/field.v Line: 12
    Warning (12110): Net "field[388]" is missing source, defaulting to GND File: H:/Altera_lite/Github/550tetris/TetrisField_JY/field.v Line: 12
    Warning (12110): Net "field[389]" is missing source, defaulting to GND File: H:/Altera_lite/Github/550tetris/TetrisField_JY/field.v Line: 12
    Warning (12110): Net "field[390]" is missing source, defaulting to GND File: H:/Altera_lite/Github/550tetris/TetrisField_JY/field.v Line: 12
    Warning (12110): Net "field[391]" is missing source, defaulting to GND File: H:/Altera_lite/Github/550tetris/TetrisField_JY/field.v Line: 12
    Warning (12110): Net "field[392]" is missing source, defaulting to GND File: H:/Altera_lite/Github/550tetris/TetrisField_JY/field.v Line: 12
    Warning (12110): Net "field[393]" is missing source, defaulting to GND File: H:/Altera_lite/Github/550tetris/TetrisField_JY/field.v Line: 12
    Warning (12110): Net "field[394]" is missing source, defaulting to GND File: H:/Altera_lite/Github/550tetris/TetrisField_JY/field.v Line: 12
    Warning (12110): Net "field[395]" is missing source, defaulting to GND File: H:/Altera_lite/Github/550tetris/TetrisField_JY/field.v Line: 12
    Warning (12110): Net "field[396]" is missing source, defaulting to GND File: H:/Altera_lite/Github/550tetris/TetrisField_JY/field.v Line: 12
    Warning (12110): Net "field[397]" is missing source, defaulting to GND File: H:/Altera_lite/Github/550tetris/TetrisField_JY/field.v Line: 12
    Warning (12110): Net "field[398]" is missing source, defaulting to GND File: H:/Altera_lite/Github/550tetris/TetrisField_JY/field.v Line: 12
    Warning (12110): Net "field[399]" is missing source, defaulting to GND File: H:/Altera_lite/Github/550tetris/TetrisField_JY/field.v Line: 12
    Warning (12110): Net "block[0]" is missing source, defaulting to GND File: H:/Altera_lite/Github/550tetris/TetrisField_JY/field.v Line: 13
    Warning (12110): Net "block[4]" is missing source, defaulting to GND File: H:/Altera_lite/Github/550tetris/TetrisField_JY/field.v Line: 13
    Warning (12110): Net "block[8]" is missing source, defaulting to GND File: H:/Altera_lite/Github/550tetris/TetrisField_JY/field.v Line: 13
    Warning (12110): Net "block[12]" is missing source, defaulting to GND File: H:/Altera_lite/Github/550tetris/TetrisField_JY/field.v Line: 13
    Warning (12110): Net "block[1]" is missing source, defaulting to GND File: H:/Altera_lite/Github/550tetris/TetrisField_JY/field.v Line: 13
    Warning (12110): Net "block[5]" is missing source, defaulting to GND File: H:/Altera_lite/Github/550tetris/TetrisField_JY/field.v Line: 13
    Warning (12110): Net "block[9]" is missing source, defaulting to GND File: H:/Altera_lite/Github/550tetris/TetrisField_JY/field.v Line: 13
    Warning (12110): Net "block[13]" is missing source, defaulting to GND File: H:/Altera_lite/Github/550tetris/TetrisField_JY/field.v Line: 13
    Warning (12110): Net "block[2]" is missing source, defaulting to GND File: H:/Altera_lite/Github/550tetris/TetrisField_JY/field.v Line: 13
    Warning (12110): Net "block[6]" is missing source, defaulting to GND File: H:/Altera_lite/Github/550tetris/TetrisField_JY/field.v Line: 13
    Warning (12110): Net "block[10]" is missing source, defaulting to GND File: H:/Altera_lite/Github/550tetris/TetrisField_JY/field.v Line: 13
    Warning (12110): Net "block[14]" is missing source, defaulting to GND File: H:/Altera_lite/Github/550tetris/TetrisField_JY/field.v Line: 13
    Warning (12110): Net "block[3]" is missing source, defaulting to GND File: H:/Altera_lite/Github/550tetris/TetrisField_JY/field.v Line: 13
    Warning (12110): Net "block[7]" is missing source, defaulting to GND File: H:/Altera_lite/Github/550tetris/TetrisField_JY/field.v Line: 13
    Warning (12110): Net "block[11]" is missing source, defaulting to GND File: H:/Altera_lite/Github/550tetris/TetrisField_JY/field.v Line: 13
    Warning (12110): Net "block[15]" is missing source, defaulting to GND File: H:/Altera_lite/Github/550tetris/TetrisField_JY/field.v Line: 13
    Warning (12110): Net "blockX[4]" is missing source, defaulting to GND File: H:/Altera_lite/Github/550tetris/TetrisField_JY/field.v Line: 17
    Warning (12110): Net "blockX[3]" is missing source, defaulting to GND File: H:/Altera_lite/Github/550tetris/TetrisField_JY/field.v Line: 17
    Warning (12110): Net "blockX[2]" is missing source, defaulting to GND File: H:/Altera_lite/Github/550tetris/TetrisField_JY/field.v Line: 17
    Warning (12110): Net "blockX[1]" is missing source, defaulting to GND File: H:/Altera_lite/Github/550tetris/TetrisField_JY/field.v Line: 17
    Warning (12110): Net "blockX[0]" is missing source, defaulting to GND File: H:/Altera_lite/Github/550tetris/TetrisField_JY/field.v Line: 17
    Warning (12110): Net "blockY[4]" is missing source, defaulting to GND File: H:/Altera_lite/Github/550tetris/TetrisField_JY/field.v Line: 17
    Warning (12110): Net "blockY[3]" is missing source, defaulting to GND File: H:/Altera_lite/Github/550tetris/TetrisField_JY/field.v Line: 17
    Warning (12110): Net "blockY[2]" is missing source, defaulting to GND File: H:/Altera_lite/Github/550tetris/TetrisField_JY/field.v Line: 17
    Warning (12110): Net "blockY[1]" is missing source, defaulting to GND File: H:/Altera_lite/Github/550tetris/TetrisField_JY/field.v Line: 17
    Warning (12110): Net "blockY[0]" is missing source, defaulting to GND File: H:/Altera_lite/Github/550tetris/TetrisField_JY/field.v Line: 17
Info: Quartus Prime Analysis & Elaboration was successful. 0 errors, 436 warnings
    Info: Peak virtual memory: 5081 megabytes
    Info: Processing ended: Mon Dec 09 20:59:49 2019
    Info: Elapsed time: 00:00:12
    Info: Total CPU time (on all processors): 00:00:25


