------------------------------------------------------------
TimeQuest Timing Analyzer Summary
------------------------------------------------------------

Type  : Slow 1200mV 85C Model Setup 'p1|altpll_component|pll|clk[2]'
Slack : -23.806
TNS   : -246.783

Type  : Slow 1200mV 85C Model Setup 'clkCounter:myclkCounter|clock_10'
Slack : -4.140
TNS   : -1426.279

Type  : Slow 1200mV 85C Model Setup 'CLOCK_50'
Slack : -1.429
TNS   : -1.429

Type  : Slow 1200mV 85C Model Hold 'CLOCK_50'
Slack : 0.385
TNS   : 0.000

Type  : Slow 1200mV 85C Model Hold 'clkCounter:myclkCounter|clock_10'
Slack : 0.442
TNS   : 0.000

Type  : Slow 1200mV 85C Model Hold 'p1|altpll_component|pll|clk[2]'
Slack : 0.636
TNS   : 0.000

Type  : Slow 1200mV 85C Model Recovery 'p1|altpll_component|pll|clk[2]'
Slack : 13.194
TNS   : 0.000

Type  : Slow 1200mV 85C Model Removal 'p1|altpll_component|pll|clk[2]'
Slack : 4.893
TNS   : 0.000

Type  : Slow 1200mV 85C Model Minimum Pulse Width 'clkCounter:myclkCounter|clock_10'
Slack : -1.285
TNS   : -514.000

Type  : Slow 1200mV 85C Model Minimum Pulse Width 'CLOCK_50'
Slack : 9.755
TNS   : 0.000

Type  : Slow 1200mV 85C Model Minimum Pulse Width 'p1|altpll_component|pll|clk[2]'
Slack : 19.707
TNS   : 0.000

Type  : Slow 1200mV 0C Model Setup 'p1|altpll_component|pll|clk[2]'
Slack : -19.607
TNS   : -196.049

Type  : Slow 1200mV 0C Model Setup 'clkCounter:myclkCounter|clock_10'
Slack : -3.757
TNS   : -1284.277

Type  : Slow 1200mV 0C Model Setup 'CLOCK_50'
Slack : -1.280
TNS   : -1.280

Type  : Slow 1200mV 0C Model Hold 'CLOCK_50'
Slack : 0.338
TNS   : 0.000

Type  : Slow 1200mV 0C Model Hold 'clkCounter:myclkCounter|clock_10'
Slack : 0.414
TNS   : 0.000

Type  : Slow 1200mV 0C Model Hold 'p1|altpll_component|pll|clk[2]'
Slack : 0.581
TNS   : 0.000

Type  : Slow 1200mV 0C Model Recovery 'p1|altpll_component|pll|clk[2]'
Slack : 13.873
TNS   : 0.000

Type  : Slow 1200mV 0C Model Removal 'p1|altpll_component|pll|clk[2]'
Slack : 4.286
TNS   : 0.000

Type  : Slow 1200mV 0C Model Minimum Pulse Width 'clkCounter:myclkCounter|clock_10'
Slack : -1.285
TNS   : -514.000

Type  : Slow 1200mV 0C Model Minimum Pulse Width 'CLOCK_50'
Slack : 9.776
TNS   : 0.000

Type  : Slow 1200mV 0C Model Minimum Pulse Width 'p1|altpll_component|pll|clk[2]'
Slack : 19.694
TNS   : 0.000

Type  : Fast 1200mV 0C Model Setup 'p1|altpll_component|pll|clk[2]'
Slack : -4.012
TNS   : -15.257

Type  : Fast 1200mV 0C Model Setup 'clkCounter:myclkCounter|clock_10'
Slack : -1.614
TNS   : -517.259

Type  : Fast 1200mV 0C Model Setup 'CLOCK_50'
Slack : -0.508
TNS   : -0.508

Type  : Fast 1200mV 0C Model Hold 'CLOCK_50'
Slack : 0.173
TNS   : 0.000

Type  : Fast 1200mV 0C Model Hold 'clkCounter:myclkCounter|clock_10'
Slack : 0.189
TNS   : 0.000

Type  : Fast 1200mV 0C Model Hold 'p1|altpll_component|pll|clk[2]'
Slack : 0.282
TNS   : 0.000

Type  : Fast 1200mV 0C Model Recovery 'p1|altpll_component|pll|clk[2]'
Slack : 16.326
TNS   : 0.000

Type  : Fast 1200mV 0C Model Removal 'p1|altpll_component|pll|clk[2]'
Slack : 2.482
TNS   : 0.000

Type  : Fast 1200mV 0C Model Minimum Pulse Width 'clkCounter:myclkCounter|clock_10'
Slack : -1.000
TNS   : -400.000

Type  : Fast 1200mV 0C Model Minimum Pulse Width 'CLOCK_50'
Slack : 9.416
TNS   : 0.000

Type  : Fast 1200mV 0C Model Minimum Pulse Width 'p1|altpll_component|pll|clk[2]'
Slack : 19.749
TNS   : 0.000

------------------------------------------------------------
